// Jest Snapshot v1, https://goo.gl/fbAQLP

exports[`__datetimeParts basic 1`] = `
Array [
  Object {
    "type": "month",
    "value": "12",
  },
  Object {
    "type": "literal",
    "value": "/",
  },
  Object {
    "type": "day",
    "value": "19",
  },
  Object {
    "type": "literal",
    "value": "/",
  },
  Object {
    "type": "year",
    "value": "2012",
  },
  Object {
    "type": "literal",
    "value": ", ",
  },
  Object {
    "type": "hour",
    "value": "10",
  },
  Object {
    "type": "literal",
    "value": ":",
  },
  Object {
    "type": "minute",
    "value": "00",
  },
  Object {
    "type": "literal",
    "value": " ",
  },
  Object {
    "type": "dayPeriod",
    "value": "PM",
  },
]
`;

exports[`__numberParts basic 1`] = `
Array [
  Object {
    "type": "integer",
    "value": "99",
  },
  Object {
    "type": "percentSign",
    "value": "%",
  },
]
`;

exports[`__transrateVNode basic 1`] = `
Array [
  Object {
    "_isVNode": true,
    "anchor": null,
    "appContext": null,
    "children": "hello, ",
    "component": null,
    "dirs": null,
    "dynamicChildren": null,
    "dynamicProps": null,
    "el": null,
    "key": null,
    "patchFlag": 0,
    "props": null,
    "ref": null,
    "scopeId": null,
    "shapeFlag": 8,
    "suspense": null,
    "target": null,
    "targetAnchor": null,
    "transition": null,
    "type": Symbol(Text),
  },
  Object {
    "_isVNode": true,
    "anchor": null,
    "appContext": null,
    "children": "kazupon",
    "component": null,
    "dirs": null,
    "dynamicChildren": null,
    "dynamicProps": null,
    "el": null,
    "key": null,
    "patchFlag": 0,
    "props": null,
    "ref": null,
    "scopeId": null,
    "shapeFlag": 8,
    "suspense": null,
    "target": null,
    "targetAnchor": null,
    "transition": null,
    "type": Symbol(Text),
  },
  Object {
    "_isVNode": true,
    "anchor": null,
    "appContext": null,
    "children": "!",
    "component": null,
    "dirs": null,
    "dynamicChildren": null,
    "dynamicProps": null,
    "el": null,
    "key": null,
    "patchFlag": 0,
    "props": null,
    "ref": null,
    "scopeId": null,
    "shapeFlag": 8,
    "suspense": null,
    "target": null,
    "targetAnchor": null,
    "transition": null,
    "type": Symbol(Text),
  },
]
`;
