// Jest Snapshot v1, https://goo.gl/fbAQLP

exports[`createCompiler: ast 1`] = `
Object {
  "body": Object {
    "cases": Array [
      Object {
        "end": 19,
        "items": Array [
          Object {
            "end": 20,
            "key": Object {
              "end": 20,
              "loc": Object {
                "end": Object {
                  "column": 21,
                  "line": 1,
                  "offset": 20,
                },
                "start": Object {
                  "column": 8,
                  "line": 1,
                  "offset": 7,
                },
              },
              "start": 7,
              "type": 9,
              "value": "no apples",
            },
            "loc": Object {
              "end": Object {
                "column": 21,
                "line": 1,
                "offset": 20,
              },
              "start": Object {
                "column": 1,
                "line": 1,
                "offset": 0,
              },
            },
            "modifier": Object {
              "end": 6,
              "loc": Object {
                "end": Object {
                  "column": 7,
                  "line": 1,
                  "offset": 6,
                },
                "start": Object {
                  "column": 2,
                  "line": 1,
                  "offset": 1,
                },
              },
              "start": 1,
              "type": 8,
              "value": "caml",
            },
            "start": 0,
            "type": 6,
          },
        ],
        "loc": Object {
          "end": Object {
            "column": 21,
            "line": 1,
            "offset": 20,
          },
          "start": Object {
            "column": 1,
            "line": 1,
            "offset": 0,
          },
        },
        "start": 0,
        "type": 2,
      },
      Object {
        "end": 26,
        "items": Array [
          Object {
            "end": 26,
            "index": 0,
            "loc": Object {
              "end": Object {
                "column": 27,
                "line": 1,
                "offset": 26,
              },
              "start": Object {
                "column": 24,
                "line": 1,
                "offset": 23,
              },
            },
            "start": 23,
            "type": 5,
          },
          Object {
            "end": 32,
            "loc": Object {
              "end": Object {
                "column": 33,
                "line": 1,
                "offset": 32,
              },
              "start": Object {
                "column": 27,
                "line": 1,
                "offset": 26,
              },
            },
            "start": 26,
            "type": 3,
            "value": " apple",
          },
        ],
        "loc": Object {
          "end": Object {
            "column": 33,
            "line": 1,
            "offset": 32,
          },
          "start": Object {
            "column": 24,
            "line": 1,
            "offset": 23,
          },
        },
        "start": 23,
        "type": 2,
      },
      Object {
        "end": 45,
        "items": Array [
          Object {
            "end": 38,
            "key": "n",
            "loc": Object {
              "end": Object {
                "column": 39,
                "line": 1,
                "offset": 38,
              },
              "start": Object {
                "column": 36,
                "line": 1,
                "offset": 35,
              },
            },
            "start": 35,
            "type": 4,
          },
          Object {
            "end": 45,
            "loc": Object {
              "end": Object {
                "column": 46,
                "line": 1,
                "offset": 45,
              },
              "start": Object {
                "column": 39,
                "line": 1,
                "offset": 38,
              },
            },
            "start": 38,
            "type": 3,
            "value": "　apples",
          },
        ],
        "loc": Object {
          "end": Object {
            "column": 46,
            "line": 1,
            "offset": 45,
          },
          "start": Object {
            "column": 36,
            "line": 1,
            "offset": 35,
          },
        },
        "start": 35,
        "type": 2,
      },
    ],
    "end": 45,
    "loc": Object {
      "end": Object {
        "column": 46,
        "line": 1,
        "offset": 45,
      },
      "start": Object {
        "column": 1,
        "line": 1,
        "offset": 0,
      },
    },
    "start": 0,
    "type": 1,
  },
  "end": 45,
  "loc": Object {
    "end": Object {
      "column": 46,
      "line": 1,
      "offset": 45,
    },
    "start": Object {
      "column": 1,
      "line": 1,
      "offset": 0,
    },
  },
  "needInterpolate": true,
  "start": 0,
  "type": 0,
}
`;

exports[`createCompiler: code 1`] = `
"function __msg__ (ctx) {
  return [
    ctx.normalize([
      ctx.modifier(\\"caml\\")(ctx.message(\\"no apples\\")(ctx), ctx.type)
    ]), ctx.normalize([
      ctx.interpolate(ctx.list(0)), \\" apple\\"
    ]), ctx.normalize([
      ctx.interpolate(ctx.named(\\"n\\")), \\"　apples\\"
    ])
  ][ctx.pluralRule(ctx.pluralIndex, 3, ctx.orgPluralRule)]
}"
`;
