// Jest Snapshot v1, https://goo.gl/fbAQLP

exports[`linked 1`] = `
"function __msg__ (ctx) {
  return ''
}"
`;

exports[`list 1`] = `
"function __msg__ (ctx) {
  return ''
}"
`;

exports[`named 1`] = `
"function __msg__ (ctx) {
  return ''
}"
`;

exports[`plural 1`] = `
"function __msg__ (ctx) {
  return ''
}"
`;

exports[`text 1`] = `
"function __msg__ (ctx) {
  return ''
}"
`;
